// Jest Snapshot v1, https://goo.gl/fbAQLP

exports[`mochawesome-json tests report from ./reports/mochawesome-json test results matches snapshot 1`] = `
TestRunResult {
  "path": "fixtures/mochawesome-json.json",
  "suites": Array [
    TestSuiteResult {
      "groups": Array [
        TestGroupResult {
          "name": "Test 1",
          "tests": Array [
            TestCaseResult {
              "error": undefined,
              "name": "Passing test",
              "result": "success",
              "time": 0,
            },
          ],
        },
      ],
      "name": "",
      "totalTime": undefined,
    },
  ],
  "totalTime": 14,
}
`;
